( [ Left
      (TypeDefEnum
         (Identifier "filekind")
         (( Identifier "TEXT" , Left (DecConstant 0) ) :|
            [ ( Identifier "DATA" , Left (DecConstant 1) )
            , ( Identifier "EXEC" , Left (DecConstant 2) )
            ]))
  ]
, ParserState
    []
    (fromList
       [ ( Identifier "filekind"
         , ( SourcePos
               { sourceName = "test/samples/enum.xdr"
               , sourceLine = Pos 4
               , sourceColumn = Pos 1
               }
           , TypeEnum
               (( Identifier "TEXT" , Left (DecConstant 0) ) :|
                  [ ( Identifier "DATA" , Left (DecConstant 1) )
                  , ( Identifier "EXEC" , Left (DecConstant 2) )
                  ])
           )
         )
       ] :|
       [])
)